352.0,893.0,1.2345678E7,asdfg12345,10.0,Wed May 24 00:00:00 GMT 2017
352.0,893.0,1.2345678E7,asdfg12345,10.0,Wed May 24 00:00:00 GMT 2017
352.0,893.0,1.2345678E7,asdfg12345,10.0,Wed May 24 00:00:00 GMT 2017
352.0,893.0,1.2345678E7,asdfg12345,10.0,Wed May 24 00:00:00 GMT 2017
352.0,893.0,1.2345678E7,asdfg12345,10.0,Wed May 24 00:00:00 GMT 2017
352.0,893.0,1.2345678E7,asdfg12345,10.0,Wed May 24 00:00:00 GMT 2017
352.0,893.0,1.2345678E7,asdfg12345,10.0,Wed May 24 00:00:00 GMT 2017
352.0,893.0,1.2345678E7,asdfg12345,10.0,Wed May 24 00:00:00 GMT 2017
352.0,893.0,1.2345678E7,asdfg12345,10.0,Wed May 24 00:00:00 GMT 2017
352.0,893.0,1.2345678E7,asdfg12345,10.0,Wed May 24 00:00:00 GMT 2017
352.0,893.0,1.2345678E7,asdfg12345,10.0,Wed May 24 00:00:00 GMT 2017
352.0,893.0,1.2345678E7,asdfg12345,10.0,Wed May 24 00:00:00 GMT 2017
352.0,893.0,1.2345678E7,asdfg12345,10.0,Wed May 24 00:00:00 GMT 2017
352.0,893.0,1.2345678E7,asdfg12345,10.0,Wed May 24 00:00:00 GMT 2017
352.0,893.0,1.2345678E7,asdfg12345,10.0,Wed May 24 00:00:00 GMT 2017